�� 
 >   v i t e _ r e a c t _ s h a d c n _ t s @ 0 . 0 . 0   b u i l d  
 >   v i t e   b u i l d  
  
  [ 3 6 m v i t e   v 5 . 4 . 1 9    [ 3 2 m b u i l d i n g   f o r   p r o d u c t i o n . . .  [ 3 6 m  [ 3 9 m  
 t r a n s f o r m i n g . . .  
 n o d e . e x e   :   B r o w s e r s l i s t :   b r o w s e r s   d a t a   ( c a n i u s e - l i t e )   i s   1 1   m o n t h s   o l d .   P l e a s e   r u n :  
 N o   l i n h a : 1   c a r a c t e r e : 1  
 +   &   " C : \ P r o g r a m   F i l e s \ n o d e j s / n o d e . e x e "   " C : \ P r o g r a m   F i l e s \ n o d e j s / n o d e _ m o   . . .  
 +   ~ ~ ~ ~ ~ ~ ~ ~ ~ ~ ~ ~ ~ ~ ~ ~ ~ ~ ~ ~ ~ ~ ~ ~ ~ ~ ~ ~ ~ ~ ~ ~ ~ ~ ~ ~ ~ ~ ~ ~ ~ ~ ~ ~ ~ ~ ~ ~ ~ ~ ~ ~ ~ ~ ~ ~ ~ ~ ~ ~ ~ ~ ~ ~ ~ ~ ~ ~ ~  
         +   C a t e g o r y I n f o                     :   N o t S p e c i f i e d :   ( B r o w s e r s l i s t :           b . . . l d .   P l e a s e   r u n : : S t r i n g )   [ ] ,   R e m o t e E x c e p t i o n  
         +   F u l l y Q u a l i f i e d E r r o r I d   :   N a t i v e C o m m a n d E r r o r  
    
     n p x   u p d a t e - b r o w s e r s l i s t - d b @ l a t e s t  
     W h y   y o u   s h o u l d   d o   i t   r e g u l a r l y :   h t t p s : / / g i t h u b . c o m / b r o w s e r s l i s t / u p d a t e - d b # r e a d m e  
  [ 1 m  [ 3 3 m [ p l u g i n : v i t e : e s b u i l d ]  [ 3 9 m  [ 2 2 m    [ 3 3 m [ p l u g i n   v i t e : e s b u i l d ]   s r c / c o n t e x t s / L a n g u a g e C o n t e x t . t s x :    [ 3 3 m D u p l i c a t e   k e y   " i a U n e x p e c t e d R e s p o n s e "   i n    
 o b j e c t   l i t e r a l  [ 3 3 m  
 5 5 2 |         t e s t i n g C o n n e c t i o n :   {   p t :   ' t e s t a n d o   c o n e x %� o . . . ' ,   e n :   ' t e s t i n g   c o n n e c t i o n . . . ' ,   e s :   ' p r o b a n d o   c o n e x i %%n . . . '   } ,  
 5 5 3 |         c o n n e c t i o n S u c c e s s :   {   p t :   ' C o n e x %� o   O K :   ' ,   e n :   ' C o n n e c t i o n   O K :   ' ,   e s :   ' C o n e x i %%n   O K :   '   } ,  
 5 5 4 |         i a U n e x p e c t e d R e s p o n s e :   {   p t :   ' R e s p o s t a   i n e s p e r a d a :   ' ,   e n :   ' U n e x p e c t e d   r e s p o n s e :   ' ,   e s :   ' R e s p u e s t a   i n e s p e r a d a :   '   } ,  
       |         ^  
 5 5 5 |         c o n n e c t i o n E r r o r :   {   p t :   ' E r r o   d e   c o n e x %� o :   ' ,   e n :   ' C o n n e c t i o n   e r r o r :   ' ,   e s :   ' E r r o r   d e   c o n e x i %%n :   '   } ,  
 5 5 6 |         u n k n o w n E r r o r :   {   p t :   ' E r r o   d e s c o n h e c i d o ' ,   e n :   ' U n k n o w n   e r r o r ' ,   e s :   ' E r r o r   d e s c o n o c i d o '   } ,  
  [ 3 9 m  
  [ 1 m  [ 3 3 m [ p l u g i n : v i t e : e s b u i l d ]  [ 3 9 m  [ 2 2 m    [ 3 3 m [ p l u g i n   v i t e : e s b u i l d ]   s r c / c o n t e x t s / L a n g u a g e C o n t e x t . t s x :    [ 3 3 m D u p l i c a t e   k e y   " c o n n e c t i o n E r r o r "   i n   o b j e c t    
 l i t e r a l  [ 3 3 m  
 5 5 3 |         c o n n e c t i o n S u c c e s s :   {   p t :   ' C o n e x %� o   O K :   ' ,   e n :   ' C o n n e c t i o n   O K :   ' ,   e s :   ' C o n e x i %%n   O K :   '   } ,  
 5 5 4 |         i a U n e x p e c t e d R e s p o n s e :   {   p t :   ' R e s p o s t a   i n e s p e r a d a :   ' ,   e n :   ' U n e x p e c t e d   r e s p o n s e :   ' ,   e s :   ' R e s p u e s t a   i n e s p e r a d a :   '   } ,  
 5 5 5 |         c o n n e c t i o n E r r o r :   {   p t :   ' E r r o   d e   c o n e x %� o :   ' ,   e n :   ' C o n n e c t i o n   e r r o r :   ' ,   e s :   ' E r r o r   d e   c o n e x i %%n :   '   } ,  
       |         ^  
 5 5 6 |         u n k n o w n E r r o r :   {   p t :   ' E r r o   d e s c o n h e c i d o ' ,   e n :   ' U n k n o w n   e r r o r ' ,   e s :   ' E r r o r   d e s c o n o c i d o '   } ,  
 5 5 7 |         p r o f i l e D a t a T i t l e :   {   p t :   ' D a d o s   d o   p e r f i l : ' ,   e n :   ' P r o f i l e   d a t a : ' ,   e s :   ' D a t o s   d e l   p e r f i l : '   } ,  
  [ 3 9 m  
  [ 1 m  [ 3 3 m [ p l u g i n : v i t e : e s b u i l d ]  [ 3 9 m  [ 2 2 m    [ 3 3 m [ p l u g i n   v i t e : e s b u i l d ]   s r c / c o n t e x t s / L a n g u a g e C o n t e x t . t s x :    [ 3 3 m D u p l i c a t e   k e y   " u n k n o w n E r r o r "   i n   o b j e c t    
 l i t e r a l  [ 3 3 m  
 5 5 4 |         i a U n e x p e c t e d R e s p o n s e :   {   p t :   ' R e s p o s t a   i n e s p e r a d a :   ' ,   e n :   ' U n e x p e c t e d   r e s p o n s e :   ' ,   e s :   ' R e s p u e s t a   i n e s p e r a d a :   '   } ,  
 5 5 5 |         c o n n e c t i o n E r r o r :   {   p t :   ' E r r o   d e   c o n e x %� o :   ' ,   e n :   ' C o n n e c t i o n   e r r o r :   ' ,   e s :   ' E r r o r   d e   c o n e x i %%n :   '   } ,  
 5 5 6 |         u n k n o w n E r r o r :   {   p t :   ' E r r o   d e s c o n h e c i d o ' ,   e n :   ' U n k n o w n   e r r o r ' ,   e s :   ' E r r o r   d e s c o n o c i d o '   } ,  
       |         ^  
 5 5 7 |         p r o f i l e D a t a T i t l e :   {   p t :   ' D a d o s   d o   p e r f i l : ' ,   e n :   ' P r o f i l e   d a t a : ' ,   e s :   ' D a t o s   d e l   p e r f i l : '   } ,  
 5 5 8 |         p r o f i l e D a t a N o t L o a d e d :   {   p t :   ' D a d o s   n %� o   c a r r e g a d o s . ' ,   e n :   ' D a t a   n o t   l o a d e d . ' ,   e s :   ' D a t o s   n o   c a r g a d o s . '   } ,  
  [ 3 9 m  
  [ 1 m  [ 3 3 m [ p l u g i n : v i t e : e s b u i l d ]  [ 3 9 m  [ 2 2 m    [ 3 3 m [ p l u g i n   v i t e : e s b u i l d ]   s r c / c o n t e x t s / L a n g u a g e C o n t e x t . t s x :    [ 3 3 m D u p l i c a t e   k e y   " p r o f i l e D a t a T i t l e "   i n    
 o b j e c t   l i t e r a l  [ 3 3 m  
 5 5 5 |         c o n n e c t i o n E r r o r :   {   p t :   ' E r r o   d e   c o n e x %� o :   ' ,   e n :   ' C o n n e c t i o n   e r r o r :   ' ,   e s :   ' E r r o r   d e   c o n e x i %%n :   '   } ,  
 5 5 6 |         u n k n o w n E r r o r :   {   p t :   ' E r r o   d e s c o n h e c i d o ' ,   e n :   ' U n k n o w n   e r r o r ' ,   e s :   ' E r r o r   d e s c o n o c i d o '   } ,  
 5 5 7 |         p r o f i l e D a t a T i t l e :   {   p t :   ' D a d o s   d o   p e r f i l : ' ,   e n :   ' P r o f i l e   d a t a : ' ,   e s :   ' D a t o s   d e l   p e r f i l : '   } ,  
       |         ^  
 5 5 8 |         p r o f i l e D a t a N o t L o a d e d :   {   p t :   ' D a d o s   n %� o   c a r r e g a d o s . ' ,   e n :   ' D a t a   n o t   l o a d e d . ' ,   e s :   ' D a t o s   n o   c a r g a d o s . '   } ,  
 5 5 9 |         d e v e l o p e r M o d e :   {   p t :   ' M o d o   D e s e n v o l v e d o r ' ,   e n :   ' D e v e l o p e r   M o d e ' ,   e s :   ' M o d o   D e s a r r o l l a d o r '   } ,  
  [ 3 9 m  
  [ 1 m  [ 3 3 m [ p l u g i n : v i t e : e s b u i l d ]  [ 3 9 m  [ 2 2 m    [ 3 3 m [ p l u g i n   v i t e : e s b u i l d ]   s r c / c o n t e x t s / L a n g u a g e C o n t e x t . t s x :    [ 3 3 m D u p l i c a t e   k e y   " p r o f i l e D a t a N o t L o a d e d "   i n    
 o b j e c t   l i t e r a l  [ 3 3 m  
 5 5 6 |         u n k n o w n E r r o r :   {   p t :   ' E r r o   d e s c o n h e c i d o ' ,   e n :   ' U n k n o w n   e r r o r ' ,   e s :   ' E r r o r   d e s c o n o c i d o '   } ,  
 5 5 7 |         p r o f i l e D a t a T i t l e :   {   p t :   ' D a d o s   d o   p e r f i l : ' ,   e n :   ' P r o f i l e   d a t a : ' ,   e s :   ' D a t o s   d e l   p e r f i l : '   } ,  
 5 5 8 |         p r o f i l e D a t a N o t L o a d e d :   {   p t :   ' D a d o s   n %� o   c a r r e g a d o s . ' ,   e n :   ' D a t a   n o t   l o a d e d . ' ,   e s :   ' D a t o s   n o   c a r g a d o s . '   } ,  
       |         ^  
 5 5 9 |         d e v e l o p e r M o d e :   {   p t :   ' M o d o   D e s e n v o l v e d o r ' ,   e n :   ' D e v e l o p e r   M o d e ' ,   e s :   ' M o d o   D e s a r r o l l a d o r '   } ,  
 5 6 0 |         d i a g n o s t i c T o o l s :   {   p t :   ' F e r r a m e n t a s   d e   D i a g n %%s t i c o ' ,   e n :   ' D i a g n o s t i c   T o o l s ' ,   e s :   ' H e r r a m i e n t a s   d e   D i a g n %%s t i c o '   } ,  
  [ 3 9 m  
  [ 1 m  [ 3 3 m [ p l u g i n : v i t e : e s b u i l d ]  [ 3 9 m  [ 2 2 m    [ 3 3 m [ p l u g i n   v i t e : e s b u i l d ]   s r c / c o n t e x t s / L a n g u a g e C o n t e x t . t s x :    [ 3 3 m D u p l i c a t e   k e y   " v i e w P r o f i l e D a t a "   i n   o b j e c t    
 l i t e r a l  [ 3 3 m  
 5 6 6 |         t e s t A c t i o n s :   {   p t :   ' A %� %� e s   d e   T e s t e ' ,   e n :   ' T e s t   A c t i o n s ' ,   e s :   ' A c c i o n e s   d e   P r u e b a '   } ,  
 5 6 7 |         t e s t I a C o n n e c t i o n :   {   p t :   ' T e s t a r   I A ' ,   e n :   ' T e s t   A I ' ,   e s :   ' P r o b a r   I A '   } ,  
 5 6 8 |         v i e w P r o f i l e D a t a :   {   p t :   ' V e r   P e r f i l ' ,   e n :   ' V i e w   P r o f i l e ' ,   e s :   ' V e r   P e r f i l '   } ,  
       |         ^  
 5 6 9 |         d i a g n o s t i c R e s u l t :   {   p t :   ' R e s u l t a d o   d o   D i a g n %%s t i c o ' ,   e n :   ' D i a g n o s t i c   R e s u l t ' ,   e s :   ' R e s u l t a d o   d e l   D i a g n %%s t i c o '   } ,  
 5 7 0 |         d e v M o d e W a r n i n g :   {   p t :   ' A t e n %� %� o :   E s t a s   f e r r a m e n t a s   s %� o   p a r a   u s o   t %� c n i c o . ' ,   e n :   ' W a r n i n g :   T h e s e   t o o l s   a r e   f o r   t e c h n i c a l   u s e . ' ,   e s :    
 ' A t e n c i %%n :   E s t a s   h e r r a m i e n t a s   s o n   p a r a   u s o   t %� c n i c o . '   } ,  
  [ 3 9 m  
  [ 3 2 m � � �  [ 3 9 m   3 0 2 7   m o d u l e s   t r a n s f o r m e d .  
 r e n d e r i n g   c h u n k s . . .  
  [ 1 m  [ 3 3 m [ p l u g i n : v i t e : r e p o r t e r ]  [ 3 9 m  [ 2 2 m    [ 3 3 m [ p l u g i n   v i t e : r e p o r t e r ]    
 ( ! )   C : / U s e r s / h g d e s / S t u d i o P r o j e c t s / m a g i c - m a r t - a i - M A I N / s r c / d a t a / m o c k D a t a . t s   i s   d y n a m i c a l l y   i m p o r t e d   b y    
 C : / U s e r s / h g d e s / S t u d i o P r o j e c t s / m a g i c - m a r t - a i - M A I N / s r c / c o m p o n e n t s / A p p M e n u . t s x   b u t   a l s o   s t a t i c a l l y   i m p o r t e d   b y    
 C : / U s e r s / h g d e s / S t u d i o P r o j e c t s / m a g i c - m a r t - a i - M A I N / s r c / l i b / d a t a S y n c . t s ,   C : / U s e r s / h g d e s / S t u d i o P r o j e c t s / m a g i c - m a r t - a i - M A I N / s r c / l i b / r e m i n d e r L i s t . t s ,    
 C : / U s e r s / h g d e s / S t u d i o P r o j e c t s / m a g i c - m a r t - a i - M A I N / s r c / m a i n . t s x ,   C : / U s e r s / h g d e s / S t u d i o P r o j e c t s / m a g i c - m a r t - a i - M A I N / s r c / p a g e s / B a c k u p P a g e . t s x ,    
 C : / U s e r s / h g d e s / S t u d i o P r o j e c t s / m a g i c - m a r t - a i - M A I N / s r c / p a g e s / H i s t o r y P a g e . t s x ,   C : / U s e r s / h g d e s / S t u d i o P r o j e c t s / m a g i c - m a r t - a i - M A I N / s r c / p a g e s / H o m e P a g e . t s x ,    
 C : / U s e r s / h g d e s / S t u d i o P r o j e c t s / m a g i c - m a r t - a i - M A I N / s r c / p a g e s / L i s t D e t a i l P a g e . t s x ,    
 C : / U s e r s / h g d e s / S t u d i o P r o j e c t s / m a g i c - m a r t - a i - M A I N / s r c / p a g e s / L i s t s P a g e . t s x ,    
 C : / U s e r s / h g d e s / S t u d i o P r o j e c t s / m a g i c - m a r t - a i - M A I N / s r c / p a g e s / R e p o r t s P a g e . t s x ,    
 C : / U s e r s / h g d e s / S t u d i o P r o j e c t s / m a g i c - m a r t - a i - M A I N / s r c / p a g e s / S a v i n g s P a g e . t s x ,    
 C : / U s e r s / h g d e s / S t u d i o P r o j e c t s / m a g i c - m a r t - a i - M A I N / s r c / p a g e s / S c a n n e r P a g e . t s x ,    
 C : / U s e r s / h g d e s / S t u d i o P r o j e c t s / m a g i c - m a r t - a i - M A I N / s r c / p a g e s / S h a r e P a g e . t s x ,    
 C : / U s e r s / h g d e s / S t u d i o P r o j e c t s / m a g i c - m a r t - a i - M A I N / s r c / p a g e s / S h o p p i n g P a g e . t s x ,    
 C : / U s e r s / h g d e s / S t u d i o P r o j e c t s / m a g i c - m a r t - a i - M A I N / s r c / p a g e s / S t o c k P a g e . t s x ,   d y n a m i c   i m p o r t   w i l l   n o t   m o v e   m o d u l e   i n t o   a n o t h e r   c h u n k .  
  [ 3 9 m  
  [ 1 m  [ 3 3 m [ p l u g i n : v i t e : r e p o r t e r ]  [ 3 9 m  [ 2 2 m    [ 3 3 m [ p l u g i n   v i t e : r e p o r t e r ]    
 ( ! )   C : / U s e r s / h g d e s / S t u d i o P r o j e c t s / m a g i c - m a r t - a i - M A I N / n o d e _ m o d u l e s / @ g o o g l e / g e n a i / d i s t / w e b / i n d e x . m j s   i s   d y n a m i c a l l y   i m p o r t e d   b y    
 C : / U s e r s / h g d e s / S t u d i o P r o j e c t s / m a g i c - m a r t - a i - M A I N / s r c / c o m p o n e n t s / A p p M e n u . t s x   b u t   a l s o   s t a t i c a l l y   i m p o r t e d   b y    
 C : / U s e r s / h g d e s / S t u d i o P r o j e c t s / m a g i c - m a r t - a i - M A I N / s r c / p a g e s / D e v T o o l s P a g e . t s x ,    
 C : / U s e r s / h g d e s / S t u d i o P r o j e c t s / m a g i c - m a r t - a i - M A I N / s r c / s e r v i c e s / g e m i n i S e r v i c e . t s ,   d y n a m i c   i m p o r t   w i l l   n o t   m o v e   m o d u l e   i n t o   a n o t h e r   c h u n k .  
  [ 3 9 m  
 c o m p u t i n g   g z i p   s i z e . . .  
  [ 2 m d i s t /  [ 2 2 m  [ 3 2 m i n d e x . h t m l                                    [ 3 9 m  [ 1 m  [ 2 m         2 . 0 2   k B  [ 2 2 m  [ 1 m  [ 2 2 m  [ 2 m   � � �   g z i p :       0 . 8 0   k B  [ 2 2 m  
  [ 2 m d i s t /  [ 2 2 m  [ 3 5 m a s s e t s / i n d e x - W 9 d H e l q J . c s s      [ 3 9 m  [ 1 m  [ 2 m       8 1 . 6 9   k B  [ 2 2 m  [ 1 m  [ 2 2 m  [ 2 m   � � �   g z i p :     1 3 . 8 1   k B  [ 2 2 m  
  [ 2 m d i s t /  [ 2 2 m  [ 3 6 m a s s e t s / w e b - 1 m n 2 I E R H . j s            [ 3 9 m  [ 1 m  [ 2 m         1 . 2 5   k B  [ 2 2 m  [ 1 m  [ 2 2 m  [ 2 m   � � �   g z i p :       0 . 5 9   k B  [ 2 2 m  
  [ 2 m d i s t /  [ 2 2 m  [ 3 6 m a s s e t s / w e b - C _ C m a j 0 q . j s            [ 3 9 m  [ 1 m  [ 2 m         1 . 6 2   k B  [ 2 2 m  [ 1 m  [ 2 2 m  [ 2 m   � � �   g z i p :       0 . 5 4   k B  [ 2 2 m  
  [ 2 m d i s t /  [ 2 2 m  [ 3 6 m a s s e t s / w e b - A C N u O Y 8 - . j s            [ 3 9 m  [ 1 m  [ 2 m         2 . 3 5   k B  [ 2 2 m  [ 1 m  [ 2 2 m  [ 2 m   � � �   g z i p :       1 . 0 3   k B  [ 2 2 m  
  [ 2 m d i s t /  [ 2 2 m  [ 3 6 m a s s e t s / w e b - f l s I j 5 V K . j s            [ 3 9 m  [ 1 m  [ 2 m         9 . 9 0   k B  [ 2 2 m  [ 1 m  [ 2 2 m  [ 2 m   � � �   g z i p :       1 . 9 9   k B  [ 2 2 m  
  [ 2 m d i s t /  [ 2 2 m  [ 3 6 m a s s e t s / i n d e x - D F Y F G c T a . j s        [ 3 9 m  [ 1 m  [ 3 3 m 1 , 6 9 8 . 7 7   k B  [ 3 9 m  [ 2 2 m  [ 2 m   � � �   g z i p :   4 5 9 . 8 9   k B  [ 2 2 m  
  [ 3 3 m  
 ( ! )   S o m e   c h u n k s   a r e   l a r g e r   t h a n   5 0 0   k B   a f t e r   m i n i f i c a t i o n .   C o n s i d e r :  
 -   U s i n g   d y n a m i c   i m p o r t ( )   t o   c o d e - s p l i t   t h e   a p p l i c a t i o n  
 -   U s e   b u i l d . r o l l u p O p t i o n s . o u t p u t . m a n u a l C h u n k s   t o   i m p r o v e   c h u n k i n g :   h t t p s : / / r o l l u p j s . o r g / c o n f i g u r a t i o n - o p t i o n s / # o u t p u t - m a n u a l c h u n k s  
 -   A d j u s t   c h u n k   s i z e   l i m i t   f o r   t h i s   w a r n i n g   v i a   b u i l d . c h u n k S i z e W a r n i n g L i m i t .  [ 3 9 m  
  [ 3 2 m � � �   b u i l t   i n   8 . 5 0 s  [ 3 9 m  
 